n/objeto_800.jpg
n/objeto_799.jpg
n/objeto_798.jpg
n/objeto_797.jpg
n/objeto_796.jpg
n/objeto_795.jpg
n/objeto_794.jpg
n/objeto_793.jpg
n/objeto_792.jpg
n/objeto_791.jpg
n/objeto_790.jpg
n/objeto_789.jpg
n/objeto_788.jpg
n/objeto_787.jpg
n/objeto_786.jpg
n/objeto_785.jpg
n/objeto_784.jpg
n/objeto_783.jpg
n/objeto_782.jpg
n/objeto_781.jpg
n/objeto_780.jpg
n/objeto_779.jpg
n/objeto_778.jpg
n/objeto_777.jpg
n/objeto_776.jpg
n/objeto_775.jpg
n/objeto_774.jpg
n/objeto_773.jpg
n/objeto_772.jpg
n/objeto_771.jpg
n/objeto_770.jpg
n/objeto_769.jpg
n/objeto_768.jpg
n/objeto_767.jpg
n/objeto_766.jpg
n/objeto_765.jpg
n/objeto_764.jpg
n/objeto_763.jpg
n/objeto_762.jpg
n/objeto_761.jpg
n/objeto_760.jpg
n/objeto_759.jpg
n/objeto_758.jpg
n/objeto_757.jpg
n/objeto_756.jpg
n/objeto_755.jpg
n/objeto_754.jpg
n/objeto_753.jpg
n/objeto_752.jpg
n/objeto_751.jpg
n/objeto_750.jpg
n/objeto_749.jpg
n/objeto_748.jpg
n/objeto_747.jpg
n/objeto_746.jpg
n/objeto_745.jpg
n/objeto_744.jpg
n/objeto_743.jpg
n/objeto_742.jpg
n/objeto_741.jpg
n/objeto_740.jpg
n/objeto_739.jpg
n/objeto_738.jpg
n/objeto_737.jpg
n/objeto_736.jpg
n/objeto_735.jpg
n/objeto_734.jpg
n/objeto_733.jpg
n/objeto_732.jpg
n/objeto_731.jpg
n/objeto_730.jpg
n/objeto_729.jpg
n/objeto_728.jpg
n/objeto_727.jpg
n/objeto_726.jpg
n/objeto_725.jpg
n/objeto_724.jpg
n/objeto_723.jpg
n/objeto_722.jpg
n/objeto_721.jpg
n/objeto_720.jpg
n/objeto_719.jpg
n/objeto_718.jpg
n/objeto_717.jpg
n/objeto_716.jpg
n/objeto_715.jpg
n/objeto_714.jpg
n/objeto_713.jpg
n/objeto_712.jpg
n/objeto_711.jpg
n/objeto_710.jpg
n/objeto_709.jpg
n/objeto_708.jpg
n/objeto_707.jpg
n/objeto_706.jpg
n/objeto_705.jpg
n/objeto_704.jpg
n/objeto_703.jpg
n/objeto_702.jpg
n/objeto_701.jpg
n/objeto_700.jpg
n/objeto_699.jpg
n/objeto_698.jpg
n/objeto_697.jpg
n/objeto_696.jpg
n/objeto_695.jpg
n/objeto_694.jpg
n/objeto_693.jpg
n/objeto_692.jpg
n/objeto_691.jpg
n/objeto_690.jpg
n/objeto_689.jpg
n/objeto_688.jpg
n/objeto_687.jpg
n/objeto_686.jpg
n/objeto_685.jpg
n/objeto_684.jpg
n/objeto_683.jpg
n/objeto_682.jpg
n/objeto_681.jpg
n/objeto_680.jpg
n/objeto_679.jpg
n/objeto_678.jpg
n/objeto_677.jpg
n/objeto_676.jpg
n/objeto_675.jpg
n/objeto_674.jpg
n/objeto_673.jpg
n/objeto_672.jpg
n/objeto_671.jpg
n/objeto_670.jpg
n/objeto_669.jpg
n/objeto_668.jpg
n/objeto_667.jpg
n/objeto_666.jpg
n/objeto_665.jpg
n/objeto_664.jpg
n/objeto_663.jpg
n/objeto_662.jpg
n/objeto_661.jpg
n/objeto_660.jpg
n/objeto_659.jpg
n/objeto_658.jpg
n/objeto_657.jpg
n/objeto_656.jpg
n/objeto_655.jpg
n/objeto_654.jpg
n/objeto_653.jpg
n/objeto_652.jpg
n/objeto_651.jpg
n/objeto_650.jpg
n/objeto_649.jpg
n/objeto_648.jpg
n/objeto_647.jpg
n/objeto_646.jpg
n/objeto_645.jpg
n/objeto_644.jpg
n/objeto_643.jpg
n/objeto_642.jpg
n/objeto_641.jpg
n/objeto_640.jpg
n/objeto_639.jpg
n/objeto_638.jpg
n/objeto_637.jpg
n/objeto_636.jpg
n/objeto_635.jpg
n/objeto_634.jpg
n/objeto_633.jpg
n/objeto_632.jpg
n/objeto_631.jpg
n/objeto_630.jpg
n/objeto_629.jpg
n/objeto_628.jpg
n/objeto_627.jpg
n/objeto_626.jpg
n/objeto_625.jpg
n/objeto_624.jpg
n/objeto_623.jpg
n/objeto_622.jpg
n/objeto_621.jpg
n/objeto_620.jpg
n/objeto_619.jpg
n/objeto_618.jpg
n/objeto_617.jpg
n/objeto_616.jpg
n/objeto_615.jpg
n/objeto_614.jpg
n/objeto_613.jpg
n/objeto_612.jpg
n/objeto_611.jpg
n/objeto_610.jpg
n/objeto_609.jpg
n/objeto_608.jpg
n/objeto_607.jpg
n/objeto_606.jpg
n/objeto_605.jpg
n/objeto_604.jpg
n/objeto_603.jpg
n/objeto_602.jpg
n/objeto_601.jpg
n/objeto_600.jpg
n/objeto_599.jpg
n/objeto_598.jpg
n/objeto_597.jpg
n/objeto_596.jpg
n/objeto_595.jpg
n/objeto_594.jpg
n/objeto_593.jpg
n/objeto_592.jpg
n/objeto_591.jpg
n/objeto_590.jpg
n/objeto_589.jpg
n/objeto_588.jpg
n/objeto_587.jpg
n/objeto_586.jpg
n/objeto_585.jpg
n/objeto_584.jpg
n/objeto_583.jpg
n/objeto_582.jpg
n/objeto_581.jpg
n/objeto_580.jpg
n/objeto_579.jpg
n/objeto_578.jpg
n/objeto_577.jpg
n/objeto_576.jpg
n/objeto_575.jpg
n/objeto_574.jpg
n/objeto_573.jpg
n/objeto_572.jpg
n/objeto_571.jpg
n/objeto_570.jpg
n/objeto_569.jpg
n/objeto_568.jpg
n/objeto_567.jpg
n/objeto_566.jpg
n/objeto_565.jpg
n/objeto_564.jpg
n/objeto_563.jpg
n/objeto_562.jpg
n/objeto_561.jpg
n/objeto_560.jpg
n/objeto_559.jpg
n/objeto_558.jpg
n/objeto_557.jpg
n/objeto_556.jpg
n/objeto_555.jpg
n/objeto_554.jpg
n/objeto_553.jpg
n/objeto_552.jpg
n/objeto_551.jpg
n/objeto_550.jpg
n/objeto_549.jpg
n/objeto_548.jpg
n/objeto_547.jpg
n/objeto_546.jpg
n/objeto_545.jpg
n/objeto_544.jpg
n/objeto_543.jpg
n/objeto_542.jpg
n/objeto_541.jpg
n/objeto_540.jpg
n/objeto_539.jpg
n/objeto_538.jpg
n/objeto_537.jpg
n/objeto_536.jpg
n/objeto_535.jpg
n/objeto_534.jpg
n/objeto_533.jpg
n/objeto_532.jpg
n/objeto_531.jpg
n/objeto_530.jpg
n/objeto_529.jpg
n/objeto_528.jpg
n/objeto_527.jpg
n/objeto_526.jpg
n/objeto_525.jpg
n/objeto_524.jpg
n/objeto_523.jpg
n/objeto_522.jpg
n/objeto_521.jpg
n/objeto_520.jpg
n/objeto_519.jpg
n/objeto_518.jpg
n/objeto_517.jpg
n/objeto_516.jpg
n/objeto_515.jpg
n/objeto_514.jpg
n/objeto_513.jpg
n/objeto_512.jpg
n/objeto_511.jpg
n/objeto_510.jpg
n/objeto_509.jpg
n/objeto_508.jpg
n/objeto_507.jpg
n/objeto_506.jpg
n/objeto_505.jpg
n/objeto_504.jpg
n/objeto_503.jpg
n/objeto_502.jpg
n/objeto_501.jpg
n/objeto_500.jpg
n/objeto_499.jpg
n/objeto_498.jpg
n/objeto_497.jpg
n/objeto_496.jpg
n/objeto_495.jpg
n/objeto_494.jpg
n/objeto_493.jpg
n/objeto_492.jpg
n/objeto_491.jpg
n/objeto_490.jpg
n/objeto_489.jpg
n/objeto_488.jpg
n/objeto_487.jpg
n/objeto_486.jpg
n/objeto_485.jpg
n/objeto_484.jpg
n/objeto_483.jpg
n/objeto_482.jpg
n/objeto_481.jpg
n/objeto_480.jpg
n/objeto_479.jpg
n/objeto_478.jpg
n/objeto_477.jpg
n/objeto_476.jpg
n/objeto_475.jpg
n/objeto_474.jpg
n/objeto_473.jpg
n/objeto_472.jpg
n/objeto_471.jpg
n/objeto_470.jpg
n/objeto_469.jpg
n/objeto_468.jpg
n/objeto_467.jpg
n/objeto_466.jpg
n/objeto_465.jpg
n/objeto_464.jpg
n/objeto_463.jpg
n/objeto_462.jpg
n/objeto_461.jpg
n/objeto_460.jpg
n/objeto_459.jpg
n/objeto_458.jpg
n/objeto_457.jpg
n/objeto_456.jpg
n/objeto_455.jpg
n/objeto_454.jpg
n/objeto_453.jpg
n/objeto_452.jpg
n/objeto_451.jpg
n/objeto_450.jpg
n/objeto_449.jpg
n/objeto_448.jpg
n/objeto_447.jpg
n/objeto_446.jpg
n/objeto_445.jpg
n/objeto_444.jpg
n/objeto_443.jpg
n/objeto_442.jpg
n/objeto_441.jpg
n/objeto_440.jpg
n/objeto_439.jpg
n/objeto_438.jpg
n/objeto_437.jpg
n/objeto_436.jpg
n/objeto_435.jpg
n/objeto_434.jpg
n/objeto_433.jpg
n/objeto_432.jpg
n/objeto_431.jpg
n/objeto_430.jpg
n/objeto_429.jpg
n/objeto_428.jpg
n/objeto_427.jpg
n/objeto_426.jpg
n/objeto_425.jpg
n/objeto_424.jpg
n/objeto_423.jpg
n/objeto_422.jpg
n/objeto_421.jpg
n/objeto_420.jpg
n/objeto_419.jpg
n/objeto_418.jpg
n/objeto_417.jpg
n/objeto_416.jpg
n/objeto_415.jpg
n/objeto_414.jpg
n/objeto_413.jpg
n/objeto_412.jpg
n/objeto_411.jpg
n/objeto_410.jpg
n/objeto_409.jpg
n/objeto_408.jpg
n/objeto_407.jpg
n/objeto_406.jpg
n/objeto_405.jpg
n/objeto_404.jpg
n/objeto_403.jpg
n/objeto_402.jpg
n/objeto_401.jpg
n/objeto_400.jpg
n/objeto_399.jpg
n/objeto_398.jpg
n/objeto_397.jpg
n/objeto_396.jpg
n/objeto_395.jpg
n/objeto_394.jpg
n/objeto_393.jpg
n/objeto_392.jpg
n/objeto_391.jpg
n/objeto_390.jpg
n/objeto_389.jpg
n/objeto_388.jpg
n/objeto_387.jpg
n/objeto_386.jpg
n/objeto_385.jpg
n/objeto_384.jpg
n/objeto_383.jpg
n/objeto_382.jpg
n/objeto_381.jpg
n/objeto_380.jpg
n/objeto_379.jpg
n/objeto_378.jpg
n/objeto_377.jpg
n/objeto_376.jpg
n/objeto_375.jpg
n/objeto_374.jpg
n/objeto_373.jpg
n/objeto_372.jpg
n/objeto_371.jpg
n/objeto_370.jpg
n/objeto_369.jpg
n/objeto_368.jpg
n/objeto_367.jpg
n/objeto_366.jpg
n/objeto_365.jpg
n/objeto_364.jpg
n/objeto_363.jpg
n/objeto_362.jpg
n/objeto_361.jpg
n/objeto_360.jpg
n/objeto_359.jpg
n/objeto_358.jpg
n/objeto_357.jpg
n/objeto_356.jpg
n/objeto_355.jpg
n/objeto_354.jpg
n/objeto_353.jpg
n/objeto_352.jpg
n/objeto_351.jpg
n/objeto_350.jpg
n/objeto_349.jpg
n/objeto_348.jpg
n/objeto_347.jpg
n/objeto_346.jpg
n/objeto_345.jpg
n/objeto_344.jpg
n/objeto_343.jpg
n/objeto_342.jpg
n/objeto_341.jpg
n/objeto_340.jpg
n/objeto_339.jpg
n/objeto_338.jpg
n/objeto_337.jpg
n/objeto_336.jpg
n/objeto_335.jpg
n/objeto_334.jpg
n/objeto_333.jpg
n/objeto_332.jpg
n/objeto_331.jpg
n/objeto_330.jpg
n/objeto_329.jpg
n/objeto_328.jpg
n/objeto_327.jpg
n/objeto_326.jpg
n/objeto_325.jpg
n/objeto_324.jpg
n/objeto_323.jpg
n/objeto_322.jpg
n/objeto_321.jpg
n/objeto_320.jpg
n/objeto_319.jpg
n/objeto_318.jpg
n/objeto_317.jpg
n/objeto_316.jpg
n/objeto_315.jpg
n/objeto_314.jpg
n/objeto_313.jpg
n/objeto_312.jpg
n/objeto_311.jpg
n/objeto_310.jpg
n/objeto_309.jpg
n/objeto_308.jpg
n/objeto_307.jpg
n/objeto_306.jpg
n/objeto_305.jpg
n/objeto_304.jpg
n/objeto_303.jpg
n/objeto_302.jpg
n/objeto_301.jpg
n/objeto_300.jpg
n/objeto_299.jpg
n/objeto_298.jpg
n/objeto_297.jpg
n/objeto_296.jpg
n/objeto_295.jpg
n/objeto_294.jpg
n/objeto_293.jpg
n/objeto_292.jpg
n/objeto_291.jpg
n/objeto_290.jpg
n/objeto_289.jpg
n/objeto_288.jpg
n/objeto_287.jpg
n/objeto_286.jpg
n/objeto_285.jpg
n/objeto_284.jpg
n/objeto_283.jpg
n/objeto_282.jpg
n/objeto_281.jpg
n/objeto_280.jpg
n/objeto_279.jpg
n/objeto_278.jpg
n/objeto_277.jpg
n/objeto_276.jpg
n/objeto_275.jpg
n/objeto_274.jpg
n/objeto_273.jpg
n/objeto_272.jpg
n/objeto_271.jpg
n/objeto_270.jpg
n/objeto_269.jpg
n/objeto_268.jpg
n/objeto_267.jpg
n/objeto_266.jpg
n/objeto_265.jpg
n/objeto_264.jpg
n/objeto_263.jpg
n/objeto_262.jpg
n/objeto_261.jpg
n/objeto_260.jpg
n/objeto_259.jpg
n/objeto_258.jpg
n/objeto_257.jpg
n/objeto_256.jpg
n/objeto_255.jpg
n/objeto_254.jpg
n/objeto_253.jpg
n/objeto_252.jpg
n/objeto_251.jpg
n/objeto_250.jpg
n/objeto_249.jpg
n/objeto_248.jpg
n/objeto_247.jpg
n/objeto_246.jpg
n/objeto_245.jpg
n/objeto_244.jpg
n/objeto_243.jpg
n/objeto_242.jpg
n/objeto_241.jpg
n/objeto_240.jpg
n/objeto_239.jpg
n/objeto_238.jpg
n/objeto_237.jpg
n/objeto_236.jpg
n/objeto_235.jpg
n/objeto_234.jpg
n/objeto_233.jpg
n/objeto_232.jpg
n/objeto_231.jpg
n/objeto_230.jpg
n/objeto_229.jpg
n/objeto_228.jpg
n/objeto_227.jpg
n/objeto_226.jpg
n/objeto_225.jpg
n/objeto_224.jpg
n/objeto_223.jpg
n/objeto_222.jpg
n/objeto_221.jpg
n/objeto_220.jpg
n/objeto_219.jpg
n/objeto_218.jpg
n/objeto_217.jpg
n/objeto_216.jpg
n/objeto_215.jpg
n/objeto_214.jpg
n/objeto_213.jpg
n/objeto_212.jpg
n/objeto_211.jpg
n/objeto_210.jpg
n/objeto_209.jpg
n/objeto_208.jpg
n/objeto_207.jpg
n/objeto_206.jpg
n/objeto_205.jpg
n/objeto_204.jpg
n/objeto_203.jpg
n/objeto_202.jpg
n/objeto_201.jpg
n/objeto_200.jpg
n/objeto_199.jpg
n/objeto_198.jpg
n/objeto_197.jpg
n/objeto_196.jpg
n/objeto_195.jpg
n/objeto_194.jpg
n/objeto_193.jpg
n/objeto_192.jpg
n/objeto_191.jpg
n/objeto_190.jpg
n/objeto_189.jpg
n/objeto_188.jpg
n/objeto_187.jpg
n/objeto_186.jpg
n/objeto_185.jpg
n/objeto_184.jpg
n/objeto_183.jpg
n/objeto_182.jpg
n/objeto_181.jpg
n/objeto_180.jpg
n/objeto_179.jpg
n/objeto_178.jpg
n/objeto_177.jpg
n/objeto_176.jpg
n/objeto_175.jpg
n/objeto_174.jpg
n/objeto_173.jpg
n/objeto_172.jpg
n/objeto_171.jpg
n/objeto_170.jpg
n/objeto_169.jpg
n/objeto_168.jpg
n/objeto_167.jpg
n/objeto_166.jpg
n/objeto_165.jpg
n/objeto_164.jpg
n/objeto_163.jpg
n/objeto_162.jpg
n/objeto_161.jpg
n/objeto_160.jpg
n/objeto_159.jpg
n/objeto_158.jpg
n/objeto_157.jpg
n/objeto_156.jpg
n/objeto_155.jpg
n/objeto_154.jpg
n/objeto_153.jpg
n/objeto_152.jpg
n/objeto_151.jpg
n/objeto_150.jpg
n/objeto_149.jpg
n/objeto_148.jpg
n/objeto_147.jpg
n/objeto_146.jpg
n/objeto_145.jpg
n/objeto_144.jpg
n/objeto_143.jpg
n/objeto_142.jpg
n/objeto_141.jpg
n/objeto_140.jpg
n/objeto_139.jpg
n/objeto_138.jpg
n/objeto_137.jpg
n/objeto_136.jpg
n/objeto_135.jpg
n/objeto_134.jpg
n/objeto_133.jpg
n/objeto_132.jpg
n/objeto_131.jpg
n/objeto_130.jpg
n/objeto_129.jpg
n/objeto_128.jpg
n/objeto_127.jpg
n/objeto_126.jpg
n/objeto_125.jpg
n/objeto_124.jpg
n/objeto_123.jpg
n/objeto_122.jpg
n/objeto_121.jpg
n/objeto_120.jpg
n/objeto_119.jpg
n/objeto_118.jpg
n/objeto_117.jpg
n/objeto_116.jpg
n/objeto_115.jpg
n/objeto_114.jpg
n/objeto_113.jpg
n/objeto_112.jpg
n/objeto_111.jpg
n/objeto_110.jpg
n/objeto_109.jpg
n/objeto_108.jpg
n/objeto_107.jpg
n/objeto_106.jpg
n/objeto_105.jpg
n/objeto_104.jpg
n/objeto_103.jpg
n/objeto_102.jpg
n/objeto_101.jpg
n/objeto_100.jpg
n/objeto_99.jpg
n/objeto_98.jpg
n/objeto_97.jpg
n/objeto_96.jpg
n/objeto_95.jpg
n/objeto_94.jpg
n/objeto_93.jpg
n/objeto_92.jpg
n/objeto_91.jpg
n/objeto_90.jpg
n/objeto_89.jpg
n/objeto_88.jpg
n/objeto_87.jpg
n/objeto_86.jpg
n/objeto_85.jpg
n/objeto_84.jpg
n/objeto_83.jpg
n/objeto_82.jpg
n/objeto_81.jpg
n/objeto_80.jpg
n/objeto_79.jpg
n/objeto_78.jpg
n/objeto_77.jpg
n/objeto_76.jpg
n/objeto_75.jpg
n/objeto_74.jpg
n/objeto_73.jpg
n/objeto_72.jpg
n/objeto_71.jpg
n/objeto_70.jpg
n/objeto_69.jpg
n/objeto_68.jpg
n/objeto_67.jpg
n/objeto_66.jpg
n/objeto_65.jpg
n/objeto_64.jpg
n/objeto_63.jpg
n/objeto_62.jpg
n/objeto_61.jpg
n/objeto_60.jpg
n/objeto_59.jpg
n/objeto_58.jpg
n/objeto_57.jpg
n/objeto_56.jpg
n/objeto_55.jpg
n/objeto_54.jpg
n/objeto_53.jpg
n/objeto_52.jpg
n/objeto_51.jpg
n/objeto_50.jpg
n/objeto_49.jpg
n/objeto_48.jpg
n/objeto_47.jpg
n/objeto_46.jpg
n/objeto_45.jpg
n/objeto_44.jpg
n/objeto_43.jpg
n/objeto_42.jpg
n/objeto_41.jpg
n/objeto_40.jpg
n/objeto_39.jpg
n/objeto_38.jpg
n/objeto_37.jpg
n/objeto_36.jpg
n/objeto_35.jpg
n/objeto_34.jpg
n/objeto_33.jpg
n/objeto_32.jpg
n/objeto_31.jpg
n/objeto_30.jpg
n/objeto_29.jpg
n/objeto_28.jpg
n/objeto_27.jpg
n/objeto_26.jpg
n/objeto_25.jpg
n/objeto_24.jpg
n/objeto_23.jpg
n/objeto_22.jpg
n/objeto_21.jpg
n/objeto_20.jpg
n/objeto_19.jpg
n/objeto_18.jpg
n/objeto_17.jpg
n/objeto_16.jpg
n/objeto_15.jpg
n/objeto_14.jpg
n/objeto_13.jpg
n/objeto_12.jpg
n/objeto_11.jpg
n/objeto_10.jpg
n/objeto_9.jpg
n/objeto_8.jpg
n/objeto_7.jpg
n/objeto_6.jpg
n/objeto_5.jpg
n/objeto_4.jpg
n/objeto_3.jpg
n/objeto_2.jpg
n/objeto_1.jpg
n/objeto_0.jpg